<html>
<body>
<pre>
<h1>µVision Build Log</h1>
<h2>Tool Versions:</h2>
IDE-Version: ¦ÌVision V5.25.2.0
Copyright (C) 2018 ARM Ltd and ARM Germany GmbH. All rights reserved.
License Information: Cyan Chou, ityut.com, LIC=RC9TG-VLUSZ-BEZHH-WWUDB-MA3N1-6YDPF
 
Tool Versions:
Toolchain:       MDK-ARM Plus  Version: 5.25.2.0
Toolchain Path:  C:\Keil_v5\ARM\ARMCC\Bin
C Compiler:      Armcc.exe V5.06 update 6 (build 750)
Assembler:       Armasm.exe V5.06 update 6 (build 750)
Linker/Locator:  ArmLink.exe V5.06 update 6 (build 750)
Library Manager: ArmAr.exe V5.06 update 6 (build 750)
Hex Converter:   FromElf.exe V5.06 update 6 (build 750)
CPU DLL:         SARMCM3.DLL V5.25.2.0
Dialog DLL:      DARMSTM.DLL V1.68.0.0
Target DLL:      Segger\JL2CM3.dll V2.99.29.0
Dialog DLL:      TARMSTM.DLL V1.66.0.0
 
<h2>Project:</h2>
C:\Users\zhouziqi\Documents\GitHub\STM32F103CB\Project\RVMDK\iSO-STM32.uvprojx
Project File Date:  03/13/2019

<h2>Output:</h2>
*** Using Compiler 'V5.06 update 6 (build 750)', folder: 'C:\Keil_v5\ARM\ARMCC\Bin'
Build target 'uCOS'
assembling startup_stm32f10x_md.s...
compiling core_cm3.c...
compiling stm32f10x_it.c...
compiling system_stm32f10x.c...
compiling misc.c...
compiling stm32f10x_bkp.c...
compiling stm32f10x_adc.c...
compiling stm32f10x_can.c...
compiling stm32f10x_cec.c...
compiling stm32f10x_crc.c...
compiling stm32f10x_dac.c...
compiling stm32f10x_dbgmcu.c...
compiling stm32f10x_dma.c...
compiling stm32f10x_exti.c...
compiling stm32f10x_flash.c...
compiling stm32f10x_fsmc.c...
compiling stm32f10x_gpio.c...
compiling stm32f10x_iwdg.c...
compiling stm32f10x_i2c.c...
compiling stm32f10x_pwr.c...
compiling stm32f10x_rtc.c...
compiling stm32f10x_sdio.c...
compiling stm32f10x_rcc.c...
compiling stm32f10x_spi.c...
compiling stm32f10x_usart.c...
compiling stm32f10x_tim.c...
compiling stm32f10x_wwdg.c...
compiling main.c...
compiling app.c...
..\..\App\app.c(33): warning:  #177-D: variable "err"  was declared but never referenced
  	OS_ERR err;
..\..\App\app.c(47): warning:  #177-D: variable "err"  was declared but never referenced
  	OS_ERR err;
..\..\App\app.c(61): warning:  #177-D: variable "err"  was declared but never referenced
  	OS_ERR err;
..\..\App\app.c: 3 warnings, 0 errors
compiling bsp.c...
compiling os_cfg_app.c...
compiling LedAndKey.c...
compiling os_dbg.c...
compiling uart.c...
compiling os_core.c...
compiling os_flag.c...
compiling os_int.c...
..\..\uCOS-III\Source\os_int.c(159): warning:  #550-D: variable "p_void"  was set but never used
      void         *p_void;
..\..\uCOS-III\Source\os_int.c(161): warning:  #550-D: variable "flags"  was set but never used
      OS_FLAGS      flags;
..\..\uCOS-III\Source\os_int.c(165): warning:  #550-D: variable "msg_size"  was set but never used
      OS_MSG_SIZE   msg_size;
..\..\uCOS-III\Source\os_int.c: 3 warnings, 0 errors
compiling os_mem.c...
compiling os_msg.c...
compiling os_mutex.c...
compiling os_pend_multi.c...
compiling os_prio.c...
compiling os_q.c...
compiling os_sem.c...
compiling os_stat.c...
compiling os_tick.c...
compiling os_task.c...
compiling os_time.c...
compiling os_tmr.c...
compiling os_var.c...
assembling os_cpu_a.asm...
compiling lib_ascii.c...
compiling os_cpu_c.c...
compiling lib_math.c...
assembling cpu_a.asm...
compiling lib_mem.c...
compiling lib_str.c...
compiling cpu_core.c...
compiling cpu_c.c...
compiling os_app_hooks.c...
linking...
Program Size: Code=11972 RO-data=380 RW-data=152 ZI-data=7112  
FromELF: creating hex file...
"..\..\Output\uCOSIII.axf" - 0 Error(s), 6 Warning(s).

<h2>Software Packages used:</h2>

Package Vendor: ARM
                http://www.keil.com/pack/ARM.CMSIS.5.4.0.pack
                ARM.CMSIS.5.4.0
                CMSIS (Cortex Microcontroller Software Interface Standard)
   * Component: CORE Version: 5.1.2

Package Vendor: Keil
                http://www.keil.com/pack/Keil.STM32F1xx_DFP.2.3.0.pack
                Keil.STM32F1xx_DFP.2.3.0
                STMicroelectronics STM32F1 Series Device Support, Drivers and Examples

<h2>Collection of Component include folders:</h2>
  .\RTE\_uCOS
  C:\Keil_v5\ARM\PACK\ARM\CMSIS\5.4.0\CMSIS\Core\Include
  C:\Keil_v5\ARM\PACK\Keil\STM32F1xx_DFP\2.3.0\Device\Include

<h2>Collection of Component Files used:</h2>

   * Component: ARM::CMSIS:CORE:5.1.2
Build Time Elapsed:  00:00:13
</pre>
</body>
</html>
